// Bun Snapshot v1, https://bun.sh/docs/test/snapshots

exports[`diff and ci on the shop fixture new violations in head are new errors, and the report matches the golden output 1`] = `
{
  "api_changes": [
    {
      "after": "function taxBatches(amounts: number[]): number[][];",
      "change": "added",
      "component": "domain",
      "file": "src/domain/index.ts",
      "symbol": "taxBatches",
    },
  ],
  "base": "main",
  "command": "diff",
  "config_issues": [],
  "coverage": {
    "dynamic_imports": [],
    "files_analyzed": 6,
    "inert_rules": [],
    "languages": {
      "typescript": 6,
    },
    "not_analyzed": {},
    "parse_errors": [],
    "source_files": 6,
    "unmapped_files": [],
    "unresolved_imports": [],
  },
  "exit_code": 1,
  "findings": [
    {
      "because": [
        "0002",
      ],
      "fingerprint": "7077b3adbec19633",
      "fix_hint": "The domain holds business rules and knows nothing about storage or delivery. Remove this dependency: depend on a port owned by domain and implement it outside, or move the code to a component the rule allows. If the rule itself is wrong, change it with a decision that lists it in weakens.",
      "from": "domain",
      "kind": "forbid",
      "level": "error",
      "location": {
        "file": "src/domain/order.ts",
        "line": 1,
      },
      "message": "src/domain/order.ts imports src/infra/db.ts (domain → infra), which rule domain-is-pure forbids.",
      "rule": "domain-is-pure",
      "status": "existing",
      "to": "infra",
    },
    {
      "because": [
        "0002",
      ],
      "fingerprint": "d370805b231eb738",
      "fix_hint": "The domain holds business rules and knows nothing about storage or delivery. Remove this dependency: depend on a port owned by domain and implement it outside, or move the code to a component the rule allows. If the rule itself is wrong, change it with a decision that lists it in weakens.",
      "from": "domain",
      "kind": "forbid",
      "level": "error",
      "location": {
        "file": "src/domain/tax.ts",
        "line": 2,
      },
      "message": "src/domain/tax.ts imports src/infra/db.ts (domain → infra), which rule domain-is-pure forbids.",
      "rule": "domain-is-pure",
      "status": "new",
      "to": "infra",
    },
    {
      "because": [
        "0002",
      ],
      "fingerprint": "d407830f0852c187",
      "fix_hint": "Use an allowed package, or wrap lodash behind an adapter in a component the rule does not restrict. If the rule itself is wrong, change it with a decision that lists it in weakens.",
      "from": "domain",
      "kind": "external-imports",
      "level": "error",
      "location": {
        "file": "src/domain/tax.ts",
        "line": 1,
      },
      "message": "src/domain/tax.ts imports package lodash (domain), which rule domain-no-packages does not allow there.",
      "rule": "domain-no-packages",
      "status": "new",
      "to": "lodash",
    },
    {
      "because": [
        "0002",
      ],
      "fingerprint": "05025bbefc0ff413",
      "fix_hint": "Invert the dependency with an interface owned by domain that infra implements, or move the shared code down to domain or below. If the rule itself is wrong, change it with a decision that lists it in weakens.",
      "from": "domain",
      "kind": "layers",
      "level": "error",
      "location": {
        "file": "src/domain/order.ts",
        "line": 1,
      },
      "message": "src/domain/order.ts imports src/infra/db.ts (domain → infra), which breaks rule layering: layer domain must not depend on the higher layer infra.",
      "rule": "layering",
      "status": "existing",
      "to": "infra",
    },
    {
      "because": [
        "0002",
      ],
      "fingerprint": "372f88439cdb617f",
      "fix_hint": "Invert the dependency with an interface owned by domain that infra implements, or move the shared code down to domain or below. If the rule itself is wrong, change it with a decision that lists it in weakens.",
      "from": "domain",
      "kind": "layers",
      "level": "error",
      "location": {
        "file": "src/domain/tax.ts",
        "line": 2,
      },
      "message": "src/domain/tax.ts imports src/infra/db.ts (domain → infra), which breaks rule layering: layer domain must not depend on the higher layer infra.",
      "rule": "layering",
      "status": "new",
      "to": "infra",
    },
    {
      "because": [
        "0002",
      ],
      "fingerprint": "a9aedfe53d11dac6",
      "fix_hint": "Break the cycle by moving the shared piece down into a component both sides can depend on, or invert one dependency with an interface. If the rule itself is wrong, change it with a decision that lists it in weakens.",
      "from": "domain",
      "kind": "acyclic",
      "level": "error",
      "location": {
        "file": "src/domain/order.ts",
        "line": 1,
      },
      "message": "Components domain → infra → domain form a dependency cycle, which rule no-cycles forbids.",
      "related": [
        {
          "file": "src/domain/order.ts",
          "line": 1,
        },
        {
          "file": "src/infra/db.ts",
          "line": 1,
        },
      ],
      "rule": "no-cycles",
      "status": "baselined",
    },
    {
      "because": [],
      "fingerprint": "e23cf1e30d963b29",
      "fix_hint": "Import from domain's entrypoint (src/domain/index.ts) instead, and export what you need there if it is missing. If the rule itself is wrong, change it with a decision that lists it in weakens.",
      "from": "infra",
      "kind": "entrypoints",
      "level": "warn",
      "location": {
        "file": "src/infra/db.ts",
        "line": 1,
      },
      "message": "src/infra/db.ts imports src/domain/order.ts (infra → domain), which is not an entrypoint of domain, as rule domain-entrypoint requires.",
      "rule": "domain-entrypoint",
      "status": "existing",
      "to": "domain",
    },
  ],
  "fixed": [],
  "head": "worktree",
  "schema_version": 1,
  "scope": "all",
  "summary": {
    "baselined": 1,
    "errors": 3,
    "existing": 3,
    "fixed": 0,
    "info": 0,
    "unapproved_weakenings": 0,
    "waived": 0,
    "warnings": 0,
    "weakenings": 0,
  },
  "tool": {
    "name": "architect",
    "version": "test",
  },
  "weakenings": [],
}
`;
